Microchip MPLAB XC8 Compiler V2.46

Linker command line:

-W-3 \
  --edf=C:\Program Files\Microchip\xc8\v2.46\pic\dat\20240104201356_en.msgs \
  -cn -h+dist/default/production\Electronic_rosary.production.sym \
  --cmf=dist/default/production\Electronic_rosary.production.cmf -z \
  -Q18F4620 -oC:\Users\Global\AppData\Local\Temp\xcAs75s.\driver_tmp_3.o \
  --defsym=__MPLAB_BUILD=1 --fixupoverflow=error \
  -Mdist/default/production/Electronic_rosary.production.map \
  --md=C:\Users\Global\AppData\Local\Temp\xcAs75s.\driver_tmp_0.dat -E1 \
  -ver=XC8 Compiler --acfsm=1493 -ACODE=00h-0FFFFh -ACONST=00h-0FFFFh \
  -ASMALLCONST=01000h-010FFhx240 -AMEDIUMCONST=01000h-0FFFFh \
  -ACOMRAM=01h-07Fh -AABS1=00h-0F7Fh -ABIGRAM=01h-0F7Fh \
  -ARAM=080h-0FFh,0100h-01FFhx14,0F00h-0F7Fh -ABANK0=080h-0FFh \
  -ABANK1=0100h-01FFh -ABANK2=0200h-02FFh -ABANK3=0300h-03FFh \
  -ABANK4=0400h-04FFh -ABANK5=0500h-05FFh -ABANK6=0600h-06FFh \
  -ABANK7=0700h-07FFh -ABANK8=0800h-08FFh -ABANK9=0900h-09FFh \
  -ABANK10=0A00h-0AFFh -ABANK11=0B00h-0BFFh -ABANK12=0C00h-0CFFh \
  -ABANK13=0D00h-0DFFh -ABANK14=0E00h-0EFFh -ABANK15=0F00h-0F7Fh \
  -ASFR=0F80h-0FFFh -ABIGSFR=0F80h-0FFFh -ACONFIG=0300000h-030000Dh \
  -AIDLOC=0200000h-0200007h -AEEDATA=0F00000h-0F003FFh -peeprom_data=EEDATA \
  -preset_vec=00h,intcode,sivt_hi,intcodelo,sivt_lo,powerup,init \
  -pramtop=01000h -psmallconst=SMALLCONST -pmediumconst=MEDIUMCONST \
  -pconst=CONST -AFARRAM=00h-00h \
  -prdata=COMRAM,nvrram=COMRAM,nvbit=COMRAM,rbss=COMRAM,rbit=COMRAM \
  -pfarbss=FARRAM,fardata=FARRAM,nvFARRAM=FARRAM \
  -pintsave_regs=BIGRAM,bigbss=BIGRAM,bigdata=BIGRAM -pbss=RAM \
  -pidata=CODE,irdata=CODE,ibigdata=CODE,ifardata=CODE -prparam=COMRAM \
  C:\Users\Global\AppData\Local\Temp\xcAs75s.\driver_tmp_9.o \
  dist/default/production\Electronic_rosary.production.o 

Object code version is 3.11

Machine type is 18F4620



                Name                               Link     Load   Length Selector   Space Scale
C:\Users\Global\AppData\Local\Temp\xcAs75s.\driver_tmp_9.o
                config                           300000   300000        E        0       4
                init                                  0        0        4        0       0
dist/default/production\Electronic_rosary.production.o
                config                           300000   300000        E        0       4
                smallconst                         1000     1000        2      800       0
                text14                             1320     1320      110      801       0
                text13                             16DE     16DE       74      801       0
                text12                             166A     166A       74      801       0
                text11                             15F6     15F6       74      801       0
                text10                             17C2     17C2       64      801       0
                text9                              120E     120E      112      801       0
                text8                              1826     1826       56      801       0
                text7                              1752     1752       70      801       0
                text6                              1978     1978       28      801       0
                text5                              18C6     18C6       48      801       0
                text4                              187C     187C       4A      801       0
                text3                              14E2     14E2       9A      801       0
                text2                              1430     1430       B2      801       0
                text1                              157C     157C       7A      801       0
                text0                              1002     1002      20C      801       0
                cstackCOMRAM                         35       35       10        1       1
                dataCOMRAM                            1        1       34        1       1
                bssCOMRAM                            45       45        A        1       1
                cinit                              190E     190E       36      801       0
                idataCOMRAM                        1944     1944       34      801       0

TOTAL           Name                               Link     Load   Length     Space
        CLASS   CODE           
                init                                  0        0        4         0
                text14                             1320     1320      110         0
                text13                             16DE     16DE       74         0
                text12                             166A     166A       74         0
                text11                             15F6     15F6       74         0
                text10                             17C2     17C2       64         0
                text9                              120E     120E      112         0
                text8                              1826     1826       56         0
                text7                              1752     1752       70         0
                text6                              1978     1978       28         0
                text5                              18C6     18C6       48         0
                text4                              187C     187C       4A         0
                text3                              14E2     14E2       9A         0
                text2                              1430     1430       B2         0
                text1                              157C     157C       7A         0
                text0                              1002     1002      20C         0
                cinit                              190E     190E       36         0
                idataCOMRAM                        1944     1944       34         0

        CLASS   CONST          

        CLASS   SMALLCONST     
                smallconst                         1000     1000        2         0

        CLASS   MEDIUMCONST    

        CLASS   COMRAM         
                cstackCOMRAM                         35       35       10         1
                dataCOMRAM                            1        1       34         1
                bssCOMRAM                            45       45        A         1

        CLASS   ABS1           

        CLASS   BIGRAM         

        CLASS   RAM            

        CLASS   BANK0          

        CLASS   BANK1          

        CLASS   BANK2          

        CLASS   BANK3          

        CLASS   BANK4          

        CLASS   BANK5          

        CLASS   BANK6          

        CLASS   BANK7          

        CLASS   BANK8          

        CLASS   BANK9          

        CLASS   BANK10         

        CLASS   BANK11         

        CLASS   BANK12         

        CLASS   BANK13         

        CLASS   BANK14         

        CLASS   BANK15         

        CLASS   SFR            

        CLASS   BIGSFR         

        CLASS   CONFIG         
                config                           300000   300000        E         4

        CLASS   IDLOC          

        CLASS   EEDATA         

        CLASS   FARRAM         

        CLASS   HEAP           

        CLASS   STACK          



SEGMENTS        Name                           Load    Length   Top    Selector   Space  Class

                reset_vec                      000000  000004  000004         0       0  CODE    
                dataCOMRAM                     000001  00004E  00004F         1       1  COMRAM  
                smallconst                     001000  000002  001002       800       0  SMALLCON
                text0                          001002  00099E  0019A0       801       0  CODE    


UNUSED ADDRESS RANGES

        Name                Unused          Largest block    Delta
        BANK0            000080-0000FF               80
        BANK1            000100-0001FF              100
        BANK10           000A00-000AFF              100
        BANK11           000B00-000BFF              100
        BANK12           000C00-000CFF              100
        BANK13           000D00-000DFF              100
        BANK14           000E00-000EFF              100
        BANK15           000F00-000F7F               80
        BANK2            000200-0002FF              100
        BANK3            000300-0003FF              100
        BANK4            000400-0004FF              100
        BANK5            000500-0005FF              100
        BANK6            000600-0006FF              100
        BANK7            000700-0007FF              100
        BANK8            000800-0008FF              100
        BANK9            000900-0009FF              100
        BIGRAM           00004F-000F7F              F31
        BIGSFR           000F80-000FFF               80
        CODE             000004-000FFF              FFC
                         0019A0-00FFFF             E660
        COMRAM           00004F-00007F               31
        CONST            000004-000FFF              FFC
                         0019A0-00FFFF             E660
        EEDATA           F00000-F003FF              400
        IDLOC            200000-200007                8
        MEDIUMCONST      0019A0-00FFFF             E660
        RAM              000080-000F7F              100
        SFR              000F80-000FFF               80
        SMALLCONST       0019A0-00FFFF              100

                                  Symbol Table

?___lwdiv                               cstackCOMRAM 000035
?___lwmod                               cstackCOMRAM 00003C
LED_TURN_OFF@F2904                      bssCOMRAM    00004C
LED_TURN_OFF@led                        cstackCOMRAM 00003D
LED_TURN_OFF@pin_obj                    cstackCOMRAM 000040
LED_TURN_OFF@ret                        cstackCOMRAM 00003F
LED_TURN_ON@F2899                       bssCOMRAM    00004D
LED_TURN_ON@led                         cstackCOMRAM 00003D
LED_TURN_ON@pin_obj                     cstackCOMRAM 000040
LED_TURN_ON@ret                         cstackCOMRAM 00003F
LED_TURN_TOGGEL@F2909                   bssCOMRAM    00004B
LED_intailize@F2894                     bssCOMRAM    00004E
LED_intailize@led                       cstackCOMRAM 00003F
LED_intailize@pin_obj                   cstackCOMRAM 000042
LED_intailize@ret                       cstackCOMRAM 000041
_LATA                                   (abs)        000F89
_LATB                                   (abs)        000F8A
_LATC                                   (abs)        000F8B
_LATD                                   (abs)        000F8C
_LATE                                   (abs)        000F8D
_LED_TURN_OFF                           text13       0016DE
_LED_TURN_ON                            text12       00166A
_LED_intailize                          text7        001752
_PORTA                                  (abs)        000F80
_PORTB                                  (abs)        000F81
_PORTC                                  (abs)        000F82
_PORTD                                  (abs)        000F83
_PORTE                                  (abs)        000F84
_TRISA                                  (abs)        000F92
_TRISB                                  (abs)        000F93
_TRISC                                  (abs)        000F94
_TRISD                                  (abs)        000F95
_TRISE                                  (abs)        000F96
_VAR                                    bssCOMRAM    000049
__HRAM                                  (abs)        000000
__H__absolute__                         __absolute__ 000000
__Habs1                                 abs1         000000
__Hbank0                                bank0        000000
__Hbank1                                bank1        000000
__Hbank10                               bank10       000000
__Hbank11                               bank11       000000
__Hbank12                               bank12       000000
__Hbank13                               bank13       000000
__Hbank14                               bank14       000000
__Hbank15                               bank15       000000
__Hbank2                                bank2        000000
__Hbank3                                bank3        000000
__Hbank4                                bank4        000000
__Hbank5                                bank5        000000
__Hbank6                                bank6        000000
__Hbank7                                bank7        000000
__Hbank8                                bank8        000000
__Hbank9                                bank9        000000
__Hbigbss                               bigbss       000000
__Hbigdata                              bigdata      000000
__Hbigram                               bigram       000000
__Hbigsfr                               bigsfr       000000
__Hbss                                  bss          000000
__HbssCOMRAM                            bssCOMRAM    000000
__Hcinit                                cinit        000000
__Hclrtext                              clrtext      000000
__Hcomram                               comram       000000
__Hconfig                               config       30000E
__Hconst                                const        000000
__HcstackCOMRAM                         cstackCOMRAM 000000
__Hdata                                 data         000000
__HdataCOMRAM                           dataCOMRAM   000000
__Heeprom_data                          eeprom_data  000000
__Hfarbss                               farbss       000000
__Hfardata                              fardata      000000
__Hheap                                 heap         000000
__Hibigdata                             ibigdata     000000
__Hidata                                idata        000000
__HidataCOMRAM                          idataCOMRAM  000000
__Hidloc                                idloc        000000
__Hifardata                             ifardata     000000
__Hinit                                 init         000004
__Hintcode                              intcode      000000
__Hintcode_body                         intcode_body 000000
__Hintcodelo                            intcodelo    000000
__Hintentry                             intentry     000000
__Hintret                               intret       000000
__Hintsave_regs                         intsave_regs 000000
__Hirdata                               irdata       000000
__Hmediumconst                          mediumconst  000000
__HnvFARRAM                             nvFARRAM     000000
__Hnvbit                                nvbit        000000
__Hnvrram                               nvrram       000000
__Hparam                                rparam       000000
__Hpowerup                              powerup      000000
__Hram                                  ram          000000
__Hramtop                               ramtop       001000
__Hrbit                                 rbit         000000
__Hrbss                                 rbss         000000
__Hrdata                                rdata        000000
__Hreset_vec                            reset_vec    000000
__Hrparam                               rparam       000000
__Hsfr                                  sfr          000000
__Hsivt_hi                              sivt_hi      000000
__Hsivt_lo                              sivt_lo      000000
__Hsmallconst                           smallconst   001002
__Hspace_0                              (abs)        0019A0
__Hspace_1                              (abs)        00004F
__Hspace_2                              (abs)        000000
__Hspace_4                              (abs)        60000E
__Hstack                                stack        000000
__Hstruct                               struct       000000
__Htemp                                 temp         000000
__Htext                                 text         000000
__Htext0                                text0        000000
__Htext1                                text1        000000
__Htext10                               text10       000000
__Htext11                               text11       000000
__Htext12                               text12       000000
__Htext13                               text13       000000
__Htext14                               text14       000000
__Htext2                                text2        000000
__Htext3                                text3        000000
__Htext4                                text4        000000
__Htext5                                text5        000000
__Htext6                                text6        000000
__Htext7                                text7        000000
__Htext8                                text8        000000
__Htext9                                text9        000000
__LRAM                                  (abs)        000001
__L__absolute__                         __absolute__ 000000
__Labs1                                 abs1         000000
__Lbank0                                bank0        000000
__Lbank1                                bank1        000000
__Lbank10                               bank10       000000
__Lbank11                               bank11       000000
__Lbank12                               bank12       000000
__Lbank13                               bank13       000000
__Lbank14                               bank14       000000
__Lbank15                               bank15       000000
__Lbank2                                bank2        000000
__Lbank3                                bank3        000000
__Lbank4                                bank4        000000
__Lbank5                                bank5        000000
__Lbank6                                bank6        000000
__Lbank7                                bank7        000000
__Lbank8                                bank8        000000
__Lbank9                                bank9        000000
__Lbigbss                               bigbss       000000
__Lbigdata                              bigdata      000000
__Lbigram                               bigram       000000
__Lbigsfr                               bigsfr       000000
__Lbss                                  bss          000000
__LbssCOMRAM                            bssCOMRAM    000000
__Lcinit                                cinit        000000
__Lclrtext                              clrtext      000000
__Lcomram                               comram       000000
__Lconfig                               config       000000
__Lconst                                const        000000
__LcstackCOMRAM                         cstackCOMRAM 000000
__Ldata                                 data         000000
__LdataCOMRAM                           dataCOMRAM   000000
__Leeprom_data                          eeprom_data  000000
__Lfarbss                               farbss       000000
__Lfardata                              fardata      000000
__Lheap                                 heap         000000
__Libigdata                             ibigdata     000000
__Lidata                                idata        000000
__LidataCOMRAM                          idataCOMRAM  000000
__Lidloc                                idloc        000000
__Lifardata                             ifardata     000000
__Linit                                 init         000000
__Lintcode                              intcode      000000
__Lintcode_body                         intcode_body 000000
__Lintcodelo                            intcodelo    000000
__Lintentry                             intentry     000000
__Lintret                               intret       000000
__Lintsave_regs                         intsave_regs 000000
__Lirdata                               irdata       000000
__Lmediumconst                          mediumconst  000000
__LnvFARRAM                             nvFARRAM     000000
__Lnvbit                                nvbit        000000
__Lnvrram                               nvrram       000000
__Lparam                                rparam       000000
__Lpowerup                              powerup      000000
__Lram                                  ram          000000
__Lramtop                               ramtop       001000
__Lrbit                                 rbit         000000
__Lrbss                                 rbss         000000
__Lrdata                                rdata        000000
__Lreset_vec                            reset_vec    000000
__Lrparam                               rparam       000000
__Lsfr                                  sfr          000000
__Lsivt_hi                              sivt_hi      000000
__Lsivt_lo                              sivt_lo      000000
__Lsmallconst                           smallconst   001000
__Lspace_0                              (abs)        000000
__Lspace_1                              (abs)        000000
__Lspace_2                              (abs)        000000
__Lspace_4                              (abs)        000000
__Lstack                                stack        000000
__Lstruct                               struct       000000
__Ltemp                                 temp         000000
__Ltext                                 text         000000
__Ltext0                                text0        000000
__Ltext1                                text1        000000
__Ltext10                               text10       000000
__Ltext11                               text11       000000
__Ltext12                               text12       000000
__Ltext13                               text13       000000
__Ltext14                               text14       000000
__Ltext2                                text2        000000
__Ltext3                                text3        000000
__Ltext4                                text4        000000
__Ltext5                                text5        000000
__Ltext6                                text6        000000
__Ltext7                                text7        000000
__Ltext8                                text8        000000
__Ltext9                                text9        000000
__S0                                    (abs)        0019A0
__S1                                    (abs)        00004F
__S4                                    (abs)        000000
__S5                                    (abs)        000000
___heap_hi                              (abs)        000000
___heap_lo                              (abs)        000000
___inthi_sp                             stack        000000
___inthi_stack_hi                       stack        000000
___inthi_stack_lo                       stack        000000
___intlo_sp                             stack        000000
___intlo_stack_hi                       stack        000000
___intlo_stack_lo                       stack        000000
___lwdiv                                text11       0015F6
___lwdiv@counter                        cstackCOMRAM 00003B
___lwdiv@dividend                       cstackCOMRAM 000035
___lwdiv@divisor                        cstackCOMRAM 000037
___lwdiv@quotient                       cstackCOMRAM 000039
___lwmod                                text10       0017C2
___lwmod@counter                        cstackCOMRAM 000040
___lwmod@dividend                       cstackCOMRAM 00003C
___lwmod@divisor                        cstackCOMRAM 00003E
___param_bank                           (abs)        000000
___rparam_used                          (abs)        000001
___sp                                   stack        000000
___stack_hi                             stack        000000
___stack_lo                             stack        000000
__accesstop                             (abs)        000080
__activetblptr                          (abs)        000002
__end_of_LED_TURN_OFF                   text13       001752
__end_of_LED_TURN_ON                    text12       0016DE
__end_of_LED_intailize                  text7        0017C2
__end_of___lwdiv                        text11       00166A
__end_of___lwmod                        text10       001826
__end_of__initialization                cinit        00193A
__end_of_application_intailize          text4        0018C6
__end_of_button_initialize              text6        0019A0
__end_of_button_read                    text2        0014E2
__end_of_gpio_pin_direction_intailize   text9        001320
__end_of_gpio_pin_intailize             text8        00187C
__end_of_gpio_pin_read_logic            text3        00157C
__end_of_gpio_pin_write_logic           text14       001430
__end_of_main                           text0        00120E
__end_of_seven_segment_intailize        text5        00190E
__end_of_seven_segment_write_number     text1        0015F6
__initialization                        cinit        00190E
__mediumconst                           mediumconst  000000
__pbssCOMRAM                            bssCOMRAM    000045
__pcinit                                cinit        00190E
__pcstackCOMRAM                         cstackCOMRAM 000035
__pdataCOMRAM                           dataCOMRAM   000001
__pidataCOMRAM                          idataCOMRAM  001944
__psmallconst                           smallconst   001000
__ptext0                                text0        001002
__ptext1                                text1        00157C
__ptext10                               text10       0017C2
__ptext11                               text11       0015F6
__ptext12                               text12       00166A
__ptext13                               text13       0016DE
__ptext14                               text14       001320
__ptext2                                text2        001430
__ptext3                                text3        0014E2
__ptext4                                text4        00187C
__ptext5                                text5        0018C6
__ptext6                                text6        001978
__ptext7                                text7        001752
__ptext8                                text8        001826
__ptext9                                text9        00120E
__ramtop                                ramtop       001000
__smallconst                            smallconst   001000
_application_intailize                  text4        00187C
_btn_count                              dataCOMRAM   00002A
_btn_count_st                           dataCOMRAM   00002F
_btn_led                                dataCOMRAM   000024
_btn_led_st                             dataCOMRAM   00002D
_btn_reset                              dataCOMRAM   000027
_btn_reset_st                           dataCOMRAM   00002E
_button_initialize                      text6        001978
_button_read                            text2        001430
_c                                      bssCOMRAM    000045
_counter                                bssCOMRAM    00004A
_gpio_pin_direction_intailize           text9        00120E
_gpio_pin_intailize                     text8        001826
_gpio_pin_read_logic                    text3        0014E2
_gpio_pin_write_logic                   text14       001320
_lat_regesters                          dataCOMRAM   00000B
_led                                    dataCOMRAM   000030
_main                                   text0        001002
_number                                 bssCOMRAM    000047
_port_regesters                         dataCOMRAM   000001
_seg_en_1                               dataCOMRAM   000034
_seg_en_2                               dataCOMRAM   000033
_seg_en_3                               dataCOMRAM   000032
_seg_en_4                               dataCOMRAM   000031
_segment_1                              dataCOMRAM   00001F
_seven_segment_intailize                text5        0018C6
_seven_segment_write_number             text1        00157C
_tris_regesters                         dataCOMRAM   000015
button_initialize@btn                   cstackCOMRAM 00003C
button_initialize@ret                   cstackCOMRAM 00003D
button_read@btn                         cstackCOMRAM 00003B
button_read@btn_st                      cstackCOMRAM 00003C
button_read@pin_logic_status            cstackCOMRAM 00003F
button_read@ret                         cstackCOMRAM 00003E
end_of_initialization                   cinit        00193A
gpio_pin_direction_intailize@pin_config cstackCOMRAM 000035
gpio_pin_direction_intailize@ret        cstackCOMRAM 00003B
gpio_pin_intailize@pin_config           cstackCOMRAM 00003D
gpio_pin_intailize@ret                  cstackCOMRAM 00003E
gpio_pin_read_logic@logic               cstackCOMRAM 000036
gpio_pin_read_logic@pin_config          cstackCOMRAM 000035
gpio_pin_write_logic@logic              cstackCOMRAM 000036
gpio_pin_write_logic@pin_config         cstackCOMRAM 000035
gpio_pin_write_logic@ret                cstackCOMRAM 00003C
intlevel0                               text         000000
intlevel1                               text         000000
intlevel2                               text         000000
intlevel3                               text         000000
isa$std                                 (abs)        000001
isa$xinst                               (abs)        000000
seven_segment_intailize@ret             cstackCOMRAM 000040
seven_segment_intailize@segment         cstackCOMRAM 00003F
seven_segment_write_number@number       cstackCOMRAM 000042
seven_segment_write_number@ret          cstackCOMRAM 000043
seven_segment_write_number@segment      cstackCOMRAM 000041
stackhi                                 (abs)        000000
stacklo                                 (abs)        000000
start                                   init         000000
start_initialization                    cinit        00190E


MODULE INFORMATION

Module		Function		Class		Link	Load	Size
MCAL_Layer/GPIO/HAL_gpio.c
		_gpio_pin_direction_intailize		CODE           	120E	0000	274
		_gpio_pin_write_logic		CODE           	1320	0000	272
		_gpio_pin_intailize		CODE           	1826	0000	86
		_gpio_pin_read_logic		CODE           	14E2	0000	154

MCAL_Layer/GPIO/HAL_gpio.c estimated size: 786

C:\Program Files\Microchip\xc8\v2.46\pic\sources\c99\common\lwdiv.c
		___lwdiv       		CODE           	15F6	0000	116

C:\Program Files\Microchip\xc8\v2.46\pic\sources\c99\common\lwdiv.c estimated size: 116

applicatin.c
		_main          		CODE           	1002	0000	524
		_application_intailize		CODE           	187C	0000	74

applicatin.c estimated size: 598

shared
		__initialization		CODE           	190E	0000	44

shared estimated size: 44

ECU_layer/LED/ecu_led.c
		_LED_intailize 		CODE           	1752	0000	112
		_LED_TURN_ON   		CODE           	166A	0000	116
		_LED_TURN_OFF  		CODE           	16DE	0000	116

ECU_layer/LED/ecu_led.c estimated size: 344

ECU_layer/BUTTOM/ecu_button.c
		_button_initialize		CODE           	1978	0000	40
		_button_read   		CODE           	1430	0000	178

ECU_layer/BUTTOM/ecu_button.c estimated size: 218

ECU_layer/7_segment/ecu_seven_segment.c
		_seven_segment_write_number		CODE           	157C	0000	122
		_seven_segment_intailize		CODE           	18C6	0000	72

ECU_layer/7_segment/ecu_seven_segment.c estimated size: 194

C:\Program Files\Microchip\xc8\v2.46\pic\sources\c99\common\lwmod.c
		___lwmod       		CODE           	17C2	0000	100

C:\Program Files\Microchip\xc8\v2.46\pic\sources\c99\common\lwmod.c estimated size: 100

